acpi-support
acpid
adwaita-icon-theme
apparmor
apport
apport-symptoms
arc-theme
archdetect-deb
at
autoconf
automake
autotools-dev
base-passwd
bash
bash-completion
bind9-dnsutils
bluez
bodhi-plymouth-text
bodhi-plymouth-theme
btrfs-progs
build-essential
busybox-initramfs
busybox-static
casper
ccache
command-not-found
console-setup-linux
coreutils
cpio
cron
cryptsetup
cryptsetup-bin
cryptsetup-initramfs
cryptsetup-run
curl
dash
debconf-i18n
desktop-file-utils
dialog
diffutils
discover
dkms
dmeventd
dmidecode
dnsutils
dosfstools
dpkg-dev
ecrire
ed
eject
enlightenment
enlightenment-data
ephoto-bl
evisum
file
finalrd
findutils
fonts-dejavu-core
fonts-droid-fallback
fonts-noto-mono
fonts-quicksand
fonts-ubuntu
fonts-ubuntu-console
fonts-urw-base35
friendly-recovery
ftp
fwupd
fwupd-signed
gdebi
geany
genisoimage
geoip-database
gettext
git
gnome-accessibility-themes
gnome-themes-extra
gnome-themes-extra-data
gnome-themes-standard
grep
growisofs
grub-common
grub-gfxpayload-lists
grub-pc
grub-pc-bin
grub2-common
gstreamer1.0-gl
gstreamer1.0-plugins-good
gstreamer1.0-pulseaudio
gstreamer1.0-x
gtk-update-icon-cache
gtk2-engines-murrine
gtk2-engines-pixbuf
gzip
haveged
hdparm
hostname
info
init
initramfs-tools
initramfs-tools-bin
initramfs-tools-core
installation-report
iptables
iputils-tracepath
irqbalance
isolinux
jfsutils
klibc-utils
kpartx-boot
language-pack-en
language-pack-en-base
language-pack-gnome-en
language-selector-common
laptop-detect
libaio1
libalgorithm-diff-perl
libalgorithm-diff-xs-perl
libalgorithm-merge-perl
libarchive-cpio-perl
libarchive-zip-perl
libasound2
libavc1394-0
libcaca0
libcups2
libdebconfclient0
libdebian-installer4
libdevmapper-event1.02.1
libdmraid1.0.0.rc16
libdrm-dev
libdv4
libefl
libefl-bin
libefl-data
libegl1-mesa
libevent-2.1-7
libexpat1-dev
libgbm-dev
libgnutls28-dev
libgstreamer-plugins-good1.0-0
libgtk-3-0
libiec61883-0
libiso9660-11
libisofs6
libklibc
libluajit-5.1-2
libluajit-5.1-common
liblvm2cmd2.03
libmount1
libmp3lame0
libmpg123-0
libpam-systemd
libpcre3-dev
libpthread-stubs0-dev
libqt5quick5
libraw1394-11
libraw19
libreadline5
libscim8v5
libsgutils2-2
libshout3
libspeex1
libsqlite3-0
libtag1v5
libtool
libunbound8
libunwind8
libuuid1
libwayland-bin
libwayland-client0
libxatracker2
libxcb-composite0
libxcb-damage0
libxcb-xinput0
libxpresent1
libxvmc1
linux-base
linux-generic
linux-sound-base
logrotate
lshw
lsof
ltrace
lupin-casper
lvm2
lxmenu-data
lz4
man-db
manpages
memtest86+
menu
mime-support
mokutil
mount
mtr-tiny
nano
ncurses-base
ncurses-bin
network-manager-gnome
ntfs-3g
openssh-client
os-prober
p11-kit
p11-kit-modules
parted
passwd
pciutils
pcmanfm
pinentry-curses
pkg-config
plymouth
plymouth-theme-ubuntu-text
plymouth-x11
policykit-1-gnome
policykit-desktop-privileges
psmisc
python3-apport
python3-dbus
python3-debian
python3-nacl
python3-pymacaroons
python3-setuptools
qttranslations5-l10n
reiserfsprogs
rsync
sbsigntool
sddm
sddm-theme-debian-maui
secureboot-db
sed
software-properties-common
squashfs-tools
strace
synaptic
syslinux
syslinux-legacy
syslinux-utils
systemd
tcpdump
telnet
terminology
terminology-data
thin-provisioning-tools
time
ttf-bitstream-vera
ttf-ubuntu-font-family
ttf-unifont
ubiquity-casper
ubiquity-frontend-debconf
ubiquity-frontend-gtk
ubiquity-slideshow-ubuntu
ubiquity-ubuntu-artwork
ubuntu-drivers-common
ubuntu-minimal
udisks2
ufw
unattended-upgrades
update-manager-core
upower
usbutils
user-setup
util-linux
uuid-runtime
wayland-protocols
wbritish
wget
wolflandbuilder
xfsprogs
xorriso
xserver-xorg
xserver-xorg-core
xserver-xorg-input-all
xserver-xorg-input-libinput
xserver-xorg-input-synaptics
xserver-xorg-input-wacom
xserver-xorg-legacy
xserver-xorg-video-all
xserver-xorg-video-amdgpu
xserver-xorg-video-ati
xserver-xorg-video-fbdev
xserver-xorg-video-intel
xserver-xorg-video-nouveau
xserver-xorg-video-qxl
xserver-xorg-video-radeon
xserver-xorg-video-vesa
xserver-xorg-video-vmware
xwayland
zerofree
